## Footprint report - date 2026-04-22T19:02:10
## Printed by KiCad version 10.0.1
## Unit = mm, Angle = deg.

$BeginDESCRIPTION

$BOARD
upper_left_corner  2.500000 -73.406750
$EndBOARD

$MODULE BZ1
reference BZ1
value SF1205A
footprint 03_MyFoot_Active:Buzzer_12x9.5RM7.6
attribut none
position 143.000000 -24.000000  orientation 0.00
layer front
$PAD "1"
Shape Roundrect Layer both
position -3.800000  0.000000 size  2.000000  2.000000 orientation 0.00
drill  1.000000
shape_offset  0.000000  0.000000
$EndPAD
$PAD "2"
Shape Circle Layer both
position  3.800000  0.000000 size  2.000000  2.000000 orientation 0.00
drill  1.000000
shape_offset  0.000000  0.000000
$EndPAD
$EndMODULE BZ1

$MODULE C1
reference C1
value CL21B104K
footprint 04_MyFoot_Passive:C_2012Metric
attribut smd
position 61.000000 -35.500000  orientation -90.00
layer front
$PAD "1"
Shape Roundrect Layer front
position -1.030000  0.000000 size  1.260000  1.400000 orientation 270.00
drill  0.000000
shape_offset  0.000000  0.000000
$EndPAD
$PAD "2"
Shape Roundrect Layer front
position  1.030000  0.000000 size  1.260000  1.400000 orientation 270.00
drill  0.000000
shape_offset  0.000000  0.000000
$EndPAD
$EndMODULE C1

$MODULE C2
reference C2
value CL21B104K
footprint 04_MyFoot_Passive:C_2012Metric
attribut smd
position 52.500000 -55.500000  orientation 0.00
layer front
$PAD "1"
Shape Roundrect Layer front
position -1.030000  0.000000 size  1.260000  1.400000 orientation 0.00
drill  0.000000
shape_offset  0.000000  0.000000
$EndPAD
$PAD "2"
Shape Roundrect Layer front
position  1.030000  0.000000 size  1.260000  1.400000 orientation 0.00
drill  0.000000
shape_offset  0.000000  0.000000
$EndPAD
$EndMODULE C2

$MODULE C3
reference C3
value CL31B475K
footprint 04_MyFoot_Passive:C_3216Metric
attribut smd
position 66.750000 -48.000000  orientation 90.00
layer front
$PAD "1"
Shape Roundrect Layer front
position -1.650000  0.000000 size  1.360000  1.800000 orientation 90.00
drill  0.000000
shape_offset  0.000000  0.000000
$EndPAD
$PAD "2"
Shape Roundrect Layer front
position  1.650000  0.000000 size  1.360000  1.800000 orientation 90.00
drill  0.000000
shape_offset  0.000000  0.000000
$EndPAD
$EndMODULE C3

$MODULE C4
reference C4
value CL21B104K
footprint 04_MyFoot_Passive:C_2012Metric
attribut smd
position 89.375000 -67.500000  orientation 0.00
layer front
$PAD "1"
Shape Roundrect Layer front
position -1.030000  0.000000 size  1.260000  1.400000 orientation 0.00
drill  0.000000
shape_offset  0.000000  0.000000
$EndPAD
$PAD "2"
Shape Roundrect Layer front
position  1.030000  0.000000 size  1.260000  1.400000 orientation 0.00
drill  0.000000
shape_offset  0.000000  0.000000
$EndPAD
$EndMODULE C4

$MODULE C5
reference C5
value CL21B104K
footprint 04_MyFoot_Passive:C_2012Metric
attribut smd
position 98.200000 -67.500000  orientation 0.00
layer front
$PAD "1"
Shape Roundrect Layer front
position -1.030000  0.000000 size  1.260000  1.400000 orientation 0.00
drill  0.000000
shape_offset  0.000000  0.000000
$EndPAD
$PAD "2"
Shape Roundrect Layer front
position  1.030000  0.000000 size  1.260000  1.400000 orientation 0.00
drill  0.000000
shape_offset  0.000000  0.000000
$EndPAD
$EndMODULE C5

$MODULE C6
reference C6
value CL21B104K
footprint 04_MyFoot_Passive:C_2012Metric
attribut smd
position 25.500000 -22.000000  orientation 90.00
layer front
$PAD "1"
Shape Roundrect Layer front
position -1.030000  0.000000 size  1.260000  1.400000 orientation 90.00
drill  0.000000
shape_offset  0.000000  0.000000
$EndPAD
$PAD "2"
Shape Roundrect Layer front
position  1.030000  0.000000 size  1.260000  1.400000 orientation 90.00
drill  0.000000
shape_offset  0.000000  0.000000
$EndPAD
$EndMODULE C6

$MODULE C7
reference C7
value CL31B475K
footprint 04_MyFoot_Passive:C_3216Metric
attribut smd
position 22.000000 -22.500000  orientation 90.00
layer front
$PAD "1"
Shape Roundrect Layer front
position -1.650000  0.000000 size  1.360000  1.800000 orientation 90.00
drill  0.000000
shape_offset  0.000000  0.000000
$EndPAD
$PAD "2"
Shape Roundrect Layer front
position  1.650000  0.000000 size  1.360000  1.800000 orientation 90.00
drill  0.000000
shape_offset  0.000000  0.000000
$EndPAD
$EndMODULE C7

$MODULE C8
reference C8
value CL21B104K
footprint 04_MyFoot_Passive:C_2012Metric
attribut smd
position 112.500000 -17.500000  orientation -90.00
layer front
$PAD "1"
Shape Roundrect Layer front
position -1.030000  0.000000 size  1.260000  1.400000 orientation 270.00
drill  0.000000
shape_offset  0.000000  0.000000
$EndPAD
$PAD "2"
Shape Roundrect Layer front
position  1.030000  0.000000 size  1.260000  1.400000 orientation 270.00
drill  0.000000
shape_offset  0.000000  0.000000
$EndPAD
$EndMODULE C8

$MODULE C9
reference C9
value CL21B104K
footprint 04_MyFoot_Passive:C_2012Metric
attribut smd
position 94.500000 -17.500000  orientation -90.00
layer front
$PAD "1"
Shape Roundrect Layer front
position -1.030000  0.000000 size  1.260000  1.400000 orientation 270.00
drill  0.000000
shape_offset  0.000000  0.000000
$EndPAD
$PAD "2"
Shape Roundrect Layer front
position  1.030000  0.000000 size  1.260000  1.400000 orientation 270.00
drill  0.000000
shape_offset  0.000000  0.000000
$EndPAD
$EndMODULE C9

$MODULE C10
reference C10
value CL21B104K
footprint 04_MyFoot_Passive:C_2012Metric
attribut smd
position 76.500000 -17.500000  orientation -90.00
layer front
$PAD "1"
Shape Roundrect Layer front
position -1.030000  0.000000 size  1.260000  1.400000 orientation 270.00
drill  0.000000
shape_offset  0.000000  0.000000
$EndPAD
$PAD "2"
Shape Roundrect Layer front
position  1.030000  0.000000 size  1.260000  1.400000 orientation 270.00
drill  0.000000
shape_offset  0.000000  0.000000
$EndPAD
$EndMODULE C10

$MODULE C11
reference C11
value CL21B104K
footprint 04_MyFoot_Passive:C_2012Metric
attribut smd
position 58.500000 -17.500000  orientation -90.00
layer front
$PAD "1"
Shape Roundrect Layer front
position -1.030000  0.000000 size  1.260000  1.400000 orientation 270.00
drill  0.000000
shape_offset  0.000000  0.000000
$EndPAD
$PAD "2"
Shape Roundrect Layer front
position  1.030000  0.000000 size  1.260000  1.400000 orientation 270.00
drill  0.000000
shape_offset  0.000000  0.000000
$EndPAD
$EndMODULE C11

$MODULE C12
reference C12
value CL21B104K
footprint 04_MyFoot_Passive:C_2012Metric
attribut smd
position 40.500000 -17.500000  orientation -90.00
layer front
$PAD "1"
Shape Roundrect Layer front
position -1.030000  0.000000 size  1.260000  1.400000 orientation 270.00
drill  0.000000
shape_offset  0.000000  0.000000
$EndPAD
$PAD "2"
Shape Roundrect Layer front
position  1.030000  0.000000 size  1.260000  1.400000 orientation 270.00
drill  0.000000
shape_offset  0.000000  0.000000
$EndPAD
$EndMODULE C12

$MODULE D1
reference D1
value GRN
footprint 03_MyFoot_Active:LED_NORMAL
attribut none
position 126.000000 -55.000000  orientation 180.00
layer back
$PAD "1"
Shape Circle Layer both
position -1.270000  0.000000 size  2.000000  2.000000 orientation 180.00
drill  0.900000
shape_offset  0.000000  0.000000
$EndPAD
$PAD "2"
Shape Roundrect Layer both
position  1.270000  0.000000 size  2.000000  1.800000 orientation 180.00
drill  0.900000
shape_offset  0.000000  0.000000
$EndPAD
$EndMODULE D1

$MODULE D2
reference D2
value RED
footprint 03_MyFoot_Active:LED_H_LSET
attribut none
position 126.000000 -44.000000  orientation 180.00
layer back
$PAD "1"
Shape Circle Layer both
position -1.270000  0.000000 size  2.000000  2.000000 orientation 180.00
drill  0.900000
shape_offset  0.000000  0.000000
$EndPAD
$PAD "2"
Shape Roundrect Layer both
position  1.270000  0.000000 size  2.000000  1.800000 orientation 180.00
drill  0.900000
shape_offset  0.000000  0.000000
$EndPAD
$EndMODULE D2

$MODULE D3
reference D3
value GRN
footprint 03_MyFoot_Active:LED_8POWER
attribut none
position 126.000000 -33.000000  orientation 180.00
layer back
$PAD "1"
Shape Circle Layer both
position -1.270000  0.000000 size  2.000000  2.000000 orientation 180.00
drill  0.900000
shape_offset  0.000000  0.000000
$EndPAD
$PAD "2"
Shape Roundrect Layer both
position  1.270000  0.000000 size  2.000000  1.800000 orientation 180.00
drill  0.900000
shape_offset  0.000000  0.000000
$EndPAD
$EndMODULE D3

$MODULE D4
reference D4
value RED
footprint 03_MyFoot_Active:LED_REMOTE
attribut none
position 24.000000 -55.000000  orientation 180.00
layer back
$PAD "1"
Shape Circle Layer both
position -1.270000  0.000000 size  2.000000  2.000000 orientation 180.00
drill  0.900000
shape_offset  0.000000  0.000000
$EndPAD
$PAD "2"
Shape Roundrect Layer both
position  1.270000  0.000000 size  2.000000  1.800000 orientation 180.00
drill  0.900000
shape_offset  0.000000  0.000000
$EndPAD
$EndMODULE D4

$MODULE D5
reference D5
value GRN
footprint 03_MyFoot_Active:LED_EXT
attribut none
position 24.000000 -44.000000  orientation 180.00
layer back
$PAD "1"
Shape Circle Layer both
position -1.270000  0.000000 size  2.000000  2.000000 orientation 180.00
drill  0.900000
shape_offset  0.000000  0.000000
$EndPAD
$PAD "2"
Shape Roundrect Layer both
position  1.270000  0.000000 size  2.000000  1.800000 orientation 180.00
drill  0.900000
shape_offset  0.000000  0.000000
$EndPAD
$EndMODULE D5

$MODULE D6
reference D6
value RED
footprint 03_MyFoot_Active:LED_TXRX
attribut none
position 24.000000 -33.000000  orientation 180.00
layer back
$PAD "1"
Shape Circle Layer both
position -1.270000  0.000000 size  2.000000  2.000000 orientation 180.00
drill  0.900000
shape_offset  0.000000  0.000000
$EndPAD
$PAD "2"
Shape Roundrect Layer both
position  1.270000  0.000000 size  2.000000  1.800000 orientation 180.00
drill  0.900000
shape_offset  0.000000  0.000000
$EndPAD
$EndMODULE D6

$MODULE D7
reference D7
value LL4148
footprint 03_MyFoot_Active:LL4148_MELF
attribut virtual
position 142.000000 -35.000000  orientation 0.00
layer front
$PAD "1"
Shape Roundrect Layer front
position -1.689100  0.000000 size  1.800010  1.422400 orientation 270.00
drill  0.000000
shape_offset  0.000000  0.000000
$EndPAD
$PAD "2"
Shape Roundrect Layer front
position  1.689100  0.000000 size  1.800010  1.422400 orientation 90.00
drill  0.000000
shape_offset  0.000000  0.000000
$EndPAD
$EndMODULE D7

$MODULE J2
reference J2
value Conn_01x01
footprint 06_MyFoot_Mechanical:MTHole_3.5mm_7.5mmPad_GND
attribut virtual
position 14.000000 -8.000000  orientation 0.00
layer front
$PAD "1"
Shape Circle Layer both
position  0.000000  0.000000 size  7.500000  7.500000 orientation 0.00
drill  3.500000
shape_offset  0.000000  0.000000
$EndPAD
$EndMODULE J2

$MODULE J3
reference J3
value Conn_01x01
footprint 06_MyFoot_Mechanical:MTHole_3.5mm_7.5mmPad_GND
attribut virtual
position 136.000000 -8.000000  orientation 0.00
layer front
$PAD "1"
Shape Circle Layer both
position  0.000000  0.000000 size  7.500000  7.500000 orientation 0.00
drill  3.500000
shape_offset  0.000000  0.000000
$EndPAD
$EndMODULE J3

$MODULE J4
reference J4
value Conn_01x01
footprint 06_MyFoot_Mechanical:MTHole_3.5mm_7.5mmPad_GND
attribut virtual
position 136.000000 -66.000000  orientation 0.00
layer front
$PAD "1"
Shape Circle Layer both
position  0.000000  0.000000 size  7.500000  7.500000 orientation 0.00
drill  3.500000
shape_offset  0.000000  0.000000
$EndPAD
$EndMODULE J4

$MODULE J5
reference J5
value Conn_01x01
footprint 06_MyFoot_Mechanical:MTHole_3.5mm_7.5mmPad_GND
attribut virtual
position 14.000000 -66.000000  orientation 0.00
layer front
$PAD "1"
Shape Circle Layer both
position  0.000000  0.000000 size  7.500000  7.500000 orientation 0.00
drill  3.500000
shape_offset  0.000000  0.000000
$EndPAD
$EndMODULE J5

$MODULE J6
reference J6
value Conn_02x10_Odd_Even
footprint 02_MyFoot_Connectors:IDC-Header_2x10_P2.54mm_Vertical
attribut none
position 10.000000 -38.500000  orientation 0.00
layer front
$PAD "1"
Shape Roundrect Layer both
position -1.270000 -11.430000 size  1.700000  1.700000 orientation 0.00
drill  1.000000
shape_offset  0.000000  0.000000
$EndPAD
$PAD "2"
Shape Circle Layer both
position  1.270000 -11.430000 size  1.700000  1.700000 orientation 0.00
drill  1.000000
shape_offset  0.000000  0.000000
$EndPAD
$PAD "3"
Shape Circle Layer both
position -1.270000 -8.890000 size  1.700000  1.700000 orientation 0.00
drill  1.000000
shape_offset  0.000000  0.000000
$EndPAD
$PAD "4"
Shape Circle Layer both
position  1.270000 -8.890000 size  1.700000  1.700000 orientation 0.00
drill  1.000000
shape_offset  0.000000  0.000000
$EndPAD
$PAD "5"
Shape Circle Layer both
position -1.270000 -6.350000 size  1.700000  1.700000 orientation 0.00
drill  1.000000
shape_offset  0.000000  0.000000
$EndPAD
$PAD "6"
Shape Circle Layer both
position  1.270000 -6.350000 size  1.700000  1.700000 orientation 0.00
drill  1.000000
shape_offset  0.000000  0.000000
$EndPAD
$PAD "7"
Shape Circle Layer both
position -1.270000 -3.810000 size  1.700000  1.700000 orientation 0.00
drill  1.000000
shape_offset  0.000000  0.000000
$EndPAD
$PAD "8"
Shape Circle Layer both
position  1.270000 -3.810000 size  1.700000  1.700000 orientation 0.00
drill  1.000000
shape_offset  0.000000  0.000000
$EndPAD
$PAD "9"
Shape Circle Layer both
position -1.270000 -1.270000 size  1.700000  1.700000 orientation 0.00
drill  1.000000
shape_offset  0.000000  0.000000
$EndPAD
$PAD "10"
Shape Circle Layer both
position  1.270000 -1.270000 size  1.700000  1.700000 orientation 0.00
drill  1.000000
shape_offset  0.000000  0.000000
$EndPAD
$PAD "11"
Shape Circle Layer both
position -1.270000  1.270000 size  1.700000  1.700000 orientation 0.00
drill  1.000000
shape_offset  0.000000  0.000000
$EndPAD
$PAD "12"
Shape Circle Layer both
position  1.270000  1.270000 size  1.700000  1.700000 orientation 0.00
drill  1.000000
shape_offset  0.000000  0.000000
$EndPAD
$PAD "13"
Shape Circle Layer both
position -1.270000  3.810000 size  1.700000  1.700000 orientation 0.00
drill  1.000000
shape_offset  0.000000  0.000000
$EndPAD
$PAD "14"
Shape Circle Layer both
position  1.270000  3.810000 size  1.700000  1.700000 orientation 0.00
drill  1.000000
shape_offset  0.000000  0.000000
$EndPAD
$PAD "15"
Shape Circle Layer both
position -1.270000  6.350000 size  1.700000  1.700000 orientation 0.00
drill  1.000000
shape_offset  0.000000  0.000000
$EndPAD
$PAD "16"
Shape Circle Layer both
position  1.270000  6.350000 size  1.700000  1.700000 orientation 0.00
drill  1.000000
shape_offset  0.000000  0.000000
$EndPAD
$PAD "17"
Shape Circle Layer both
position -1.270000  8.890000 size  1.700000  1.700000 orientation 0.00
drill  1.000000
shape_offset  0.000000  0.000000
$EndPAD
$PAD "18"
Shape Circle Layer both
position  1.270000  8.890000 size  1.700000  1.700000 orientation 0.00
drill  1.000000
shape_offset  0.000000  0.000000
$EndPAD
$PAD "19"
Shape Circle Layer both
position -1.270000 11.430000 size  1.700000  1.700000 orientation 0.00
drill  1.000000
shape_offset  0.000000  0.000000
$EndPAD
$PAD "20"
Shape Circle Layer both
position  1.270000 11.430000 size  1.700000  1.700000 orientation 0.00
drill  1.000000
shape_offset  0.000000  0.000000
$EndPAD
$EndMODULE J6

$MODULE LCD1
reference LCD1
value LC1602A
footprint 06_MyFoot_Mechanical:LC1602A
attribut none
position 75.000000 -44.000000  orientation 180.00
layer back
$PAD ""
Shape Circle Layer both
position -37.499100 -15.500700 size  3.000000  3.000000 orientation 180.00
drill  3.400000
shape_offset  0.000000  0.000000
$EndPAD
$PAD ""
Shape Circle Layer both
position -37.499100 15.500000 size  3.000000  3.000000 orientation 180.00
drill  3.400000
shape_offset  0.000000  0.000000
$EndPAD
$PAD ""
Shape Circle Layer both
position -32.000000 15.500000 size  1.000000  1.000000 orientation 180.00
drill  1.300000
shape_offset  0.000000  0.000000
$EndPAD
$PAD ""
Shape Circle Layer both
position -29.460000 15.500000 size  1.000000  1.000000 orientation 180.00
drill  1.300000
shape_offset  0.000000  0.000000
$EndPAD
$PAD ""
Shape Circle Layer both
position -26.920000 15.500000 size  1.000000  1.000000 orientation 180.00
drill  1.300000
shape_offset  0.000000  0.000000
$EndPAD
$PAD ""
Shape Circle Layer both
position -24.380000 15.500000 size  1.000000  1.000000 orientation 180.00
drill  1.300000
shape_offset  0.000000  0.000000
$EndPAD
$PAD ""
Shape Circle Layer both
position -21.840000 15.500000 size  1.000000  1.000000 orientation 180.00
drill  1.300000
shape_offset  0.000000  0.000000
$EndPAD
$PAD ""
Shape Circle Layer both
position -19.300000 15.500000 size  1.000000  1.000000 orientation 180.00
drill  1.300000
shape_offset  0.000000  0.000000
$EndPAD
$PAD ""
Shape Circle Layer both
position -16.760000 15.500000 size  1.000000  1.000000 orientation 180.00
drill  1.300000
shape_offset  0.000000  0.000000
$EndPAD
$PAD ""
Shape Circle Layer both
position -14.220000 15.500000 size  1.000000  1.000000 orientation 180.00
drill  1.300000
shape_offset  0.000000  0.000000
$EndPAD
$PAD ""
Shape Circle Layer both
position -11.680000 15.500000 size  1.000000  1.000000 orientation 180.00
drill  1.300000
shape_offset  0.000000  0.000000
$EndPAD
$PAD ""
Shape Circle Layer both
position -9.140000 15.500000 size  1.000000  1.000000 orientation 180.00
drill  1.300000
shape_offset  0.000000  0.000000
$EndPAD
$PAD ""
Shape Circle Layer both
position -6.600000 15.500000 size  1.000000  1.000000 orientation 180.00
drill  1.300000
shape_offset  0.000000  0.000000
$EndPAD
$PAD ""
Shape Circle Layer both
position -4.060000 15.500000 size  1.000000  1.000000 orientation 180.00
drill  1.300000
shape_offset  0.000000  0.000000
$EndPAD
$PAD ""
Shape Circle Layer both
position -1.520000 15.500000 size  1.000000  1.000000 orientation 180.00
drill  1.300000
shape_offset  0.000000  0.000000
$EndPAD
$PAD ""
Shape Circle Layer both
position  1.020000 15.500000 size  1.000000  1.000000 orientation 180.00
drill  1.300000
shape_offset  0.000000  0.000000
$EndPAD
$PAD ""
Shape Circle Layer both
position  3.560000 15.500000 size  1.000000  1.000000 orientation 180.00
drill  1.300000
shape_offset  0.000000  0.000000
$EndPAD
$PAD ""
Shape Circle Layer both
position  6.100000 15.500000 size  1.000000  1.000000 orientation 180.00
drill  1.300000
shape_offset  0.000000  0.000000
$EndPAD
$PAD ""
Shape Circle Layer both
position 37.499480 -15.500700 size  3.000000  3.000000 orientation 180.00
drill  3.400000
shape_offset  0.000000  0.000000
$EndPAD
$PAD ""
Shape Circle Layer both
position 37.500000 15.500000 size  3.000000  3.000000 orientation 180.00
drill  3.400000
shape_offset  0.000000  0.000000
$EndPAD
$PAD "1"
Shape Roundrect Layer both
position -32.000000 18.500000 size  1.800000  2.600000 orientation 180.00
drill  1.050000
shape_offset  0.000000  0.000000
$EndPAD
$PAD "2"
Shape Oval Layer both
position -29.460000 18.500000 size  1.800000  2.600000 orientation 180.00
drill  1.050000
shape_offset  0.000000  0.000000
$EndPAD
$PAD "3"
Shape Oval Layer both
position -26.920000 18.500000 size  1.800000  2.600000 orientation 180.00
drill  1.050000
shape_offset  0.000000  0.000000
$EndPAD
$PAD "4"
Shape Oval Layer both
position -24.380000 18.500000 size  1.800000  2.600000 orientation 180.00
drill  1.050000
shape_offset  0.000000  0.000000
$EndPAD
$PAD "5"
Shape Oval Layer both
position -21.840000 18.500000 size  1.800000  2.600000 orientation 180.00
drill  1.050000
shape_offset  0.000000  0.000000
$EndPAD
$PAD "6"
Shape Oval Layer both
position -19.300000 18.500000 size  1.800000  2.600000 orientation 180.00
drill  1.050000
shape_offset  0.000000  0.000000
$EndPAD
$PAD "7"
Shape Oval Layer both
position -16.760000 18.500000 size  1.800000  2.600000 orientation 180.00
drill  1.050000
shape_offset  0.000000  0.000000
$EndPAD
$PAD "8"
Shape Oval Layer both
position -14.220000 18.500000 size  1.800000  2.600000 orientation 180.00
drill  1.050000
shape_offset  0.000000  0.000000
$EndPAD
$PAD "9"
Shape Oval Layer both
position -11.680000 18.500000 size  1.800000  2.600000 orientation 180.00
drill  1.050000
shape_offset  0.000000  0.000000
$EndPAD
$PAD "10"
Shape Oval Layer both
position -9.140000 18.500000 size  1.800000  2.600000 orientation 180.00
drill  1.050000
shape_offset  0.000000  0.000000
$EndPAD
$PAD "11"
Shape Oval Layer both
position -6.600000 18.500000 size  1.800000  2.600000 orientation 180.00
drill  1.050000
shape_offset  0.000000  0.000000
$EndPAD
$PAD "12"
Shape Oval Layer both
position -4.060000 18.500000 size  1.800000  2.600000 orientation 180.00
drill  1.050000
shape_offset  0.000000  0.000000
$EndPAD
$PAD "13"
Shape Oval Layer both
position -1.520000 18.500000 size  1.800000  2.600000 orientation 180.00
drill  1.050000
shape_offset  0.000000  0.000000
$EndPAD
$PAD "14"
Shape Oval Layer both
position  1.020000 18.500000 size  1.800000  2.600000 orientation 180.00
drill  1.050000
shape_offset  0.000000  0.000000
$EndPAD
$PAD "15"
Shape Oval Layer both
position  3.560000 18.500000 size  1.800000  2.600000 orientation 180.00
drill  1.050000
shape_offset  0.000000  0.000000
$EndPAD
$PAD "16"
Shape Oval Layer both
position  6.100000 18.500000 size  1.800000  2.600000 orientation 180.00
drill  1.050000
shape_offset  0.000000  0.000000
$EndPAD
$EndMODULE LCD1

$MODULE Q1
reference Q1
value KRC105S
footprint 03_MyFoot_Active:SOT-23_KRC105S
attribut smd
position 142.000000 -40.500000  orientation 90.00
layer front
$PAD "1"
Shape Roundrect Layer front
position -0.937500 -0.950000 size  1.475000  0.600000 orientation 90.00
drill  0.000000
shape_offset  0.000000  0.000000
$EndPAD
$PAD "2"
Shape Roundrect Layer front
position -0.937500  0.950000 size  1.475000  0.600000 orientation 90.00
drill  0.000000
shape_offset  0.000000  0.000000
$EndPAD
$PAD "3"
Shape Roundrect Layer front
position  0.937500  0.000000 size  1.475000  0.600000 orientation 90.00
drill  0.000000
shape_offset  0.000000  0.000000
$EndPAD
$EndMODULE Q1

$MODULE R1
reference R1
value W4J0470
footprint 04_MyFoot_Passive:R_3216Metric
attribut smd
position 104.500000 -69.000000  orientation -90.00
layer front
$PAD "1"
Shape Roundrect Layer front
position -1.650000  0.000000 size  1.360000  1.800000 orientation 270.00
drill  0.000000
shape_offset  0.000000  0.000000
$EndPAD
$PAD "2"
Shape Roundrect Layer front
position  1.650000  0.000000 size  1.360000  1.800000 orientation 270.00
drill  0.000000
shape_offset  0.000000  0.000000
$EndPAD
$EndMODULE R1

$MODULE R2
reference R2
value W8J0561
footprint 04_MyFoot_Passive:R_2012Metric
attribut smd
position 119.000000 -55.000000  orientation 180.00
layer front
$PAD "1"
Shape Roundrect Layer front
position -1.030000  0.000000 size  1.260000  1.400000 orientation 180.00
drill  0.000000
shape_offset  0.000000  0.000000
$EndPAD
$PAD "2"
Shape Roundrect Layer front
position  1.030000  0.000000 size  1.260000  1.400000 orientation 180.00
drill  0.000000
shape_offset  0.000000  0.000000
$EndPAD
$EndMODULE R2

$MODULE R3
reference R3
value W8J0561
footprint 04_MyFoot_Passive:R_2012Metric
attribut smd
position 119.000000 -44.000000  orientation 180.00
layer front
$PAD "1"
Shape Roundrect Layer front
position -1.030000  0.000000 size  1.260000  1.400000 orientation 180.00
drill  0.000000
shape_offset  0.000000  0.000000
$EndPAD
$PAD "2"
Shape Roundrect Layer front
position  1.030000  0.000000 size  1.260000  1.400000 orientation 180.00
drill  0.000000
shape_offset  0.000000  0.000000
$EndPAD
$EndMODULE R3

$MODULE R4
reference R4
value W8J0561
footprint 04_MyFoot_Passive:R_2012Metric
attribut smd
position 119.000000 -33.000000  orientation 180.00
layer front
$PAD "1"
Shape Roundrect Layer front
position -1.030000  0.000000 size  1.260000  1.400000 orientation 180.00
drill  0.000000
shape_offset  0.000000  0.000000
$EndPAD
$PAD "2"
Shape Roundrect Layer front
position  1.030000  0.000000 size  1.260000  1.400000 orientation 180.00
drill  0.000000
shape_offset  0.000000  0.000000
$EndPAD
$EndMODULE R4

$MODULE R5
reference R5
value W8J0561
footprint 04_MyFoot_Passive:R_2012Metric
attribut smd
position 30.500000 -55.000000  orientation 0.00
layer front
$PAD "1"
Shape Roundrect Layer front
position -1.030000  0.000000 size  1.260000  1.400000 orientation 0.00
drill  0.000000
shape_offset  0.000000  0.000000
$EndPAD
$PAD "2"
Shape Roundrect Layer front
position  1.030000  0.000000 size  1.260000  1.400000 orientation 0.00
drill  0.000000
shape_offset  0.000000  0.000000
$EndPAD
$EndMODULE R5

$MODULE R6
reference R6
value W8J0561
footprint 04_MyFoot_Passive:R_2012Metric
attribut smd
position 30.500000 -44.000000  orientation 0.00
layer front
$PAD "1"
Shape Roundrect Layer front
position -1.030000  0.000000 size  1.260000  1.400000 orientation 0.00
drill  0.000000
shape_offset  0.000000  0.000000
$EndPAD
$PAD "2"
Shape Roundrect Layer front
position  1.030000  0.000000 size  1.260000  1.400000 orientation 0.00
drill  0.000000
shape_offset  0.000000  0.000000
$EndPAD
$EndMODULE R6

$MODULE R7
reference R7
value W8J0561
footprint 04_MyFoot_Passive:R_2012Metric
attribut smd
position 30.500000 -33.000000  orientation 0.00
layer front
$PAD "1"
Shape Roundrect Layer front
position -1.030000  0.000000 size  1.260000  1.400000 orientation 0.00
drill  0.000000
shape_offset  0.000000  0.000000
$EndPAD
$PAD "2"
Shape Roundrect Layer front
position  1.030000  0.000000 size  1.260000  1.400000 orientation 0.00
drill  0.000000
shape_offset  0.000000  0.000000
$EndPAD
$EndMODULE R7

$MODULE R8
reference R8
value W8J0103
footprint 04_MyFoot_Passive:R_2012Metric
attribut smd
position 109.500000 -17.500000  orientation 90.00
layer front
$PAD "1"
Shape Roundrect Layer front
position -1.030000  0.000000 size  1.260000  1.400000 orientation 90.00
drill  0.000000
shape_offset  0.000000  0.000000
$EndPAD
$PAD "2"
Shape Roundrect Layer front
position  1.030000  0.000000 size  1.260000  1.400000 orientation 90.00
drill  0.000000
shape_offset  0.000000  0.000000
$EndPAD
$EndMODULE R8

$MODULE R9
reference R9
value W8J0103
footprint 04_MyFoot_Passive:R_2012Metric
attribut smd
position 91.500000 -17.500000  orientation 90.00
layer front
$PAD "1"
Shape Roundrect Layer front
position -1.030000  0.000000 size  1.260000  1.400000 orientation 90.00
drill  0.000000
shape_offset  0.000000  0.000000
$EndPAD
$PAD "2"
Shape Roundrect Layer front
position  1.030000  0.000000 size  1.260000  1.400000 orientation 90.00
drill  0.000000
shape_offset  0.000000  0.000000
$EndPAD
$EndMODULE R9

$MODULE R10
reference R10
value W8J0103
footprint 04_MyFoot_Passive:R_2012Metric
attribut smd
position 73.500000 -17.500000  orientation 90.00
layer front
$PAD "1"
Shape Roundrect Layer front
position -1.030000  0.000000 size  1.260000  1.400000 orientation 90.00
drill  0.000000
shape_offset  0.000000  0.000000
$EndPAD
$PAD "2"
Shape Roundrect Layer front
position  1.030000  0.000000 size  1.260000  1.400000 orientation 90.00
drill  0.000000
shape_offset  0.000000  0.000000
$EndPAD
$EndMODULE R10

$MODULE R11
reference R11
value W4J0220
footprint 04_MyFoot_Passive:R_2012Metric
attribut smd
position 136.500000 -39.500000  orientation 90.00
layer front
$PAD "1"
Shape Roundrect Layer front
position -1.030000  0.000000 size  1.260000  1.400000 orientation 90.00
drill  0.000000
shape_offset  0.000000  0.000000
$EndPAD
$PAD "2"
Shape Roundrect Layer front
position  1.030000  0.000000 size  1.260000  1.400000 orientation 90.00
drill  0.000000
shape_offset  0.000000  0.000000
$EndPAD
$EndMODULE R11

$MODULE R12
reference R12
value W8J0103
footprint 04_MyFoot_Passive:R_2012Metric
attribut smd
position 55.500000 -17.500000  orientation 90.00
layer front
$PAD "1"
Shape Roundrect Layer front
position -1.030000  0.000000 size  1.260000  1.400000 orientation 90.00
drill  0.000000
shape_offset  0.000000  0.000000
$EndPAD
$PAD "2"
Shape Roundrect Layer front
position  1.030000  0.000000 size  1.260000  1.400000 orientation 90.00
drill  0.000000
shape_offset  0.000000  0.000000
$EndPAD
$EndMODULE R12

$MODULE R13
reference R13
value W8J0103
footprint 04_MyFoot_Passive:R_2012Metric
attribut smd
position 37.500000 -17.500000  orientation 90.00
layer front
$PAD "1"
Shape Roundrect Layer front
position -1.030000  0.000000 size  1.260000  1.400000 orientation 90.00
drill  0.000000
shape_offset  0.000000  0.000000
$EndPAD
$PAD "2"
Shape Roundrect Layer front
position  1.030000  0.000000 size  1.260000  1.400000 orientation 90.00
drill  0.000000
shape_offset  0.000000  0.000000
$EndPAD
$EndMODULE R13

$MODULE RV1
reference RV1
value 3362P103
footprint 04_MyFoot_Passive:TRIM_3362P
attribut none
position 115.000000 -69.500000  orientation 90.00
layer front
$PAD "1"
Shape Roundrect Layer both
position -2.540000  0.000000 size  1.400000  1.400000 orientation 90.00
drill  0.780000
shape_offset  0.000000  0.000000
$EndPAD
$PAD "2"
Shape Circle Layer both
position  0.000000 -2.540000 size  1.400000  1.400000 orientation 90.00
drill  0.780000
shape_offset  0.000000  0.000000
$EndPAD
$PAD "3"
Shape Circle Layer both
position  2.540000  0.000000 size  1.400000  1.400000 orientation 90.00
drill  0.780000
shape_offset  0.000000  0.000000
$EndPAD
$EndMODULE RV1

$MODULE TS1
reference TS1
value TS1103D
footprint 06_MyFoot_Mechanical:SW_PUSH-12mm
attribut none
position 111.000000 -14.000000  orientation 0.00
layer back
$PAD "1"
Shape Circle Layer both
position -6.250000 -2.500000 size  2.800000  2.800000 orientation 0.00
drill  1.400000
shape_offset  0.000000  0.000000
$EndPAD
$PAD "2"
Shape Circle Layer both
position  6.250000 -2.500000 size  2.800000  2.800000 orientation 0.00
drill  1.400000
shape_offset  0.000000  0.000000
$EndPAD
$PAD "3"
Shape Circle Layer both
position  6.250000  2.500000 size  2.800000  2.800000 orientation 0.00
drill  1.400000
shape_offset  0.000000  0.000000
$EndPAD
$PAD "4"
Shape Circle Layer both
position -6.250000  2.500000 size  2.800000  2.800000 orientation 0.00
drill  1.400000
shape_offset  0.000000  0.000000
$EndPAD
$EndMODULE TS1

$MODULE TS2
reference TS2
value TS1103D
footprint 06_MyFoot_Mechanical:SW_PUSH-12mm
attribut none
position 93.000000 -14.000000  orientation 0.00
layer back
$PAD "1"
Shape Circle Layer both
position -6.250000 -2.500000 size  2.800000  2.800000 orientation 0.00
drill  1.400000
shape_offset  0.000000  0.000000
$EndPAD
$PAD "2"
Shape Circle Layer both
position  6.250000 -2.500000 size  2.800000  2.800000 orientation 0.00
drill  1.400000
shape_offset  0.000000  0.000000
$EndPAD
$PAD "3"
Shape Circle Layer both
position  6.250000  2.500000 size  2.800000  2.800000 orientation 0.00
drill  1.400000
shape_offset  0.000000  0.000000
$EndPAD
$PAD "4"
Shape Circle Layer both
position -6.250000  2.500000 size  2.800000  2.800000 orientation 0.00
drill  1.400000
shape_offset  0.000000  0.000000
$EndPAD
$EndMODULE TS2

$MODULE TS3
reference TS3
value TS1103D
footprint 06_MyFoot_Mechanical:SW_PUSH-12mm
attribut none
position 75.000000 -14.000000  orientation 0.00
layer back
$PAD "1"
Shape Circle Layer both
position -6.250000 -2.500000 size  2.800000  2.800000 orientation 0.00
drill  1.400000
shape_offset  0.000000  0.000000
$EndPAD
$PAD "2"
Shape Circle Layer both
position  6.250000 -2.500000 size  2.800000  2.800000 orientation 0.00
drill  1.400000
shape_offset  0.000000  0.000000
$EndPAD
$PAD "3"
Shape Circle Layer both
position  6.250000  2.500000 size  2.800000  2.800000 orientation 0.00
drill  1.400000
shape_offset  0.000000  0.000000
$EndPAD
$PAD "4"
Shape Circle Layer both
position -6.250000  2.500000 size  2.800000  2.800000 orientation 0.00
drill  1.400000
shape_offset  0.000000  0.000000
$EndPAD
$EndMODULE TS3

$MODULE TS4
reference TS4
value TS1103D
footprint 06_MyFoot_Mechanical:SW_PUSH-12mm
attribut none
position 57.000000 -14.000000  orientation 0.00
layer back
$PAD "1"
Shape Circle Layer both
position -6.250000 -2.500000 size  2.800000  2.800000 orientation 0.00
drill  1.400000
shape_offset  0.000000  0.000000
$EndPAD
$PAD "2"
Shape Circle Layer both
position  6.250000 -2.500000 size  2.800000  2.800000 orientation 0.00
drill  1.400000
shape_offset  0.000000  0.000000
$EndPAD
$PAD "3"
Shape Circle Layer both
position  6.250000  2.500000 size  2.800000  2.800000 orientation 0.00
drill  1.400000
shape_offset  0.000000  0.000000
$EndPAD
$PAD "4"
Shape Circle Layer both
position -6.250000  2.500000 size  2.800000  2.800000 orientation 0.00
drill  1.400000
shape_offset  0.000000  0.000000
$EndPAD
$EndMODULE TS4

$MODULE TS5
reference TS5
value TS1103D
footprint 06_MyFoot_Mechanical:SW_PUSH-12mm
attribut none
position 39.000000 -14.000000  orientation 0.00
layer back
$PAD "1"
Shape Circle Layer both
position -6.250000 -2.500000 size  2.800000  2.800000 orientation 0.00
drill  1.400000
shape_offset  0.000000  0.000000
$EndPAD
$PAD "2"
Shape Circle Layer both
position  6.250000 -2.500000 size  2.800000  2.800000 orientation 0.00
drill  1.400000
shape_offset  0.000000  0.000000
$EndPAD
$PAD "3"
Shape Circle Layer both
position  6.250000  2.500000 size  2.800000  2.800000 orientation 0.00
drill  1.400000
shape_offset  0.000000  0.000000
$EndPAD
$PAD "4"
Shape Circle Layer both
position -6.250000  2.500000 size  2.800000  2.800000 orientation 0.00
drill  1.400000
shape_offset  0.000000  0.000000
$EndPAD
$EndMODULE TS5

$MODULE U1
reference U1
value 74HCT574PWR
footprint 01_MyFoot_ICs:TSSOP-20_4.4x6.5mm_P0.65mm
attribut smd
position 52.500000 -49.000000  orientation 0.00
layer front
$PAD "1"
Shape Roundrect Layer front
position -2.862500 -2.925000 size  1.475000  0.400000 orientation 0.00
drill  0.000000
shape_offset  0.000000  0.000000
$EndPAD
$PAD "2"
Shape Roundrect Layer front
position -2.862500 -2.275000 size  1.475000  0.400000 orientation 0.00
drill  0.000000
shape_offset  0.000000  0.000000
$EndPAD
$PAD "3"
Shape Roundrect Layer front
position -2.862500 -1.625000 size  1.475000  0.400000 orientation 0.00
drill  0.000000
shape_offset  0.000000  0.000000
$EndPAD
$PAD "4"
Shape Roundrect Layer front
position -2.862500 -0.975000 size  1.475000  0.400000 orientation 0.00
drill  0.000000
shape_offset  0.000000  0.000000
$EndPAD
$PAD "5"
Shape Roundrect Layer front
position -2.862500 -0.325000 size  1.475000  0.400000 orientation 0.00
drill  0.000000
shape_offset  0.000000  0.000000
$EndPAD
$PAD "6"
Shape Roundrect Layer front
position -2.862500  0.325000 size  1.475000  0.400000 orientation 0.00
drill  0.000000
shape_offset  0.000000  0.000000
$EndPAD
$PAD "7"
Shape Roundrect Layer front
position -2.862500  0.975000 size  1.475000  0.400000 orientation 0.00
drill  0.000000
shape_offset  0.000000  0.000000
$EndPAD
$PAD "8"
Shape Roundrect Layer front
position -2.862500  1.625000 size  1.475000  0.400000 orientation 0.00
drill  0.000000
shape_offset  0.000000  0.000000
$EndPAD
$PAD "9"
Shape Roundrect Layer front
position -2.862500  2.275000 size  1.475000  0.400000 orientation 0.00
drill  0.000000
shape_offset  0.000000  0.000000
$EndPAD
$PAD "10"
Shape Roundrect Layer front
position -2.862500  2.925000 size  1.475000  0.400000 orientation 0.00
drill  0.000000
shape_offset  0.000000  0.000000
$EndPAD
$PAD "11"
Shape Roundrect Layer front
position  2.862500  2.925000 size  1.475000  0.400000 orientation 0.00
drill  0.000000
shape_offset  0.000000  0.000000
$EndPAD
$PAD "12"
Shape Roundrect Layer front
position  2.862500  2.275000 size  1.475000  0.400000 orientation 0.00
drill  0.000000
shape_offset  0.000000  0.000000
$EndPAD
$PAD "13"
Shape Roundrect Layer front
position  2.862500  1.625000 size  1.475000  0.400000 orientation 0.00
drill  0.000000
shape_offset  0.000000  0.000000
$EndPAD
$PAD "14"
Shape Roundrect Layer front
position  2.862500  0.975000 size  1.475000  0.400000 orientation 0.00
drill  0.000000
shape_offset  0.000000  0.000000
$EndPAD
$PAD "15"
Shape Roundrect Layer front
position  2.862500  0.325000 size  1.475000  0.400000 orientation 0.00
drill  0.000000
shape_offset  0.000000  0.000000
$EndPAD
$PAD "16"
Shape Roundrect Layer front
position  2.862500 -0.325000 size  1.475000  0.400000 orientation 0.00
drill  0.000000
shape_offset  0.000000  0.000000
$EndPAD
$PAD "17"
Shape Roundrect Layer front
position  2.862500 -0.975000 size  1.475000  0.400000 orientation 0.00
drill  0.000000
shape_offset  0.000000  0.000000
$EndPAD
$PAD "18"
Shape Roundrect Layer front
position  2.862500 -1.625000 size  1.475000  0.400000 orientation 0.00
drill  0.000000
shape_offset  0.000000  0.000000
$EndPAD
$PAD "19"
Shape Roundrect Layer front
position  2.862500 -2.275000 size  1.475000  0.400000 orientation 0.00
drill  0.000000
shape_offset  0.000000  0.000000
$EndPAD
$PAD "20"
Shape Roundrect Layer front
position  2.862500 -2.925000 size  1.475000  0.400000 orientation 0.00
drill  0.000000
shape_offset  0.000000  0.000000
$EndPAD
$EndMODULE U1

$MODULE U2
reference U2
value 74HCT574PWR
footprint 01_MyFoot_ICs:TSSOP-20_4.4x6.5mm_P0.65mm
attribut smd
position 54.000000 -35.500000  orientation -90.00
layer front
$PAD "1"
Shape Roundrect Layer front
position -2.862500 -2.925000 size  1.475000  0.400000 orientation 270.00
drill  0.000000
shape_offset  0.000000  0.000000
$EndPAD
$PAD "2"
Shape Roundrect Layer front
position -2.862500 -2.275000 size  1.475000  0.400000 orientation 270.00
drill  0.000000
shape_offset  0.000000  0.000000
$EndPAD
$PAD "3"
Shape Roundrect Layer front
position -2.862500 -1.625000 size  1.475000  0.400000 orientation 270.00
drill  0.000000
shape_offset  0.000000  0.000000
$EndPAD
$PAD "4"
Shape Roundrect Layer front
position -2.862500 -0.975000 size  1.475000  0.400000 orientation 270.00
drill  0.000000
shape_offset  0.000000  0.000000
$EndPAD
$PAD "5"
Shape Roundrect Layer front
position -2.862500 -0.325000 size  1.475000  0.400000 orientation 270.00
drill  0.000000
shape_offset  0.000000  0.000000
$EndPAD
$PAD "6"
Shape Roundrect Layer front
position -2.862500  0.325000 size  1.475000  0.400000 orientation 270.00
drill  0.000000
shape_offset  0.000000  0.000000
$EndPAD
$PAD "7"
Shape Roundrect Layer front
position -2.862500  0.975000 size  1.475000  0.400000 orientation 270.00
drill  0.000000
shape_offset  0.000000  0.000000
$EndPAD
$PAD "8"
Shape Roundrect Layer front
position -2.862500  1.625000 size  1.475000  0.400000 orientation 270.00
drill  0.000000
shape_offset  0.000000  0.000000
$EndPAD
$PAD "9"
Shape Roundrect Layer front
position -2.862500  2.275000 size  1.475000  0.400000 orientation 270.00
drill  0.000000
shape_offset  0.000000  0.000000
$EndPAD
$PAD "10"
Shape Roundrect Layer front
position -2.862500  2.925000 size  1.475000  0.400000 orientation 270.00
drill  0.000000
shape_offset  0.000000  0.000000
$EndPAD
$PAD "11"
Shape Roundrect Layer front
position  2.862500  2.925000 size  1.475000  0.400000 orientation 270.00
drill  0.000000
shape_offset  0.000000  0.000000
$EndPAD
$PAD "12"
Shape Roundrect Layer front
position  2.862500  2.275000 size  1.475000  0.400000 orientation 270.00
drill  0.000000
shape_offset  0.000000  0.000000
$EndPAD
$PAD "13"
Shape Roundrect Layer front
position  2.862500  1.625000 size  1.475000  0.400000 orientation 270.00
drill  0.000000
shape_offset  0.000000  0.000000
$EndPAD
$PAD "14"
Shape Roundrect Layer front
position  2.862500  0.975000 size  1.475000  0.400000 orientation 270.00
drill  0.000000
shape_offset  0.000000  0.000000
$EndPAD
$PAD "15"
Shape Roundrect Layer front
position  2.862500  0.325000 size  1.475000  0.400000 orientation 270.00
drill  0.000000
shape_offset  0.000000  0.000000
$EndPAD
$PAD "16"
Shape Roundrect Layer front
position  2.862500 -0.325000 size  1.475000  0.400000 orientation 270.00
drill  0.000000
shape_offset  0.000000  0.000000
$EndPAD
$PAD "17"
Shape Roundrect Layer front
position  2.862500 -0.975000 size  1.475000  0.400000 orientation 270.00
drill  0.000000
shape_offset  0.000000  0.000000
$EndPAD
$PAD "18"
Shape Roundrect Layer front
position  2.862500 -1.625000 size  1.475000  0.400000 orientation 270.00
drill  0.000000
shape_offset  0.000000  0.000000
$EndPAD
$PAD "19"
Shape Roundrect Layer front
position  2.862500 -2.275000 size  1.475000  0.400000 orientation 270.00
drill  0.000000
shape_offset  0.000000  0.000000
$EndPAD
$PAD "20"
Shape Roundrect Layer front
position  2.862500 -2.925000 size  1.475000  0.400000 orientation 270.00
drill  0.000000
shape_offset  0.000000  0.000000
$EndPAD
$EndMODULE U2

$EndDESCRIPTION
